18:04:07 **** Incremental Build of configuration Debug for project bq34110_RW_flash ****
make -j8 all 
arm-none-eabi-gcc "../Core/Src/main.c" -mcpu=cortex-m0 -std=gnu11 -g3 -DDEBUG -DUSE_HAL_DRIVER -DSTM32F051x8 -c -I../Core/Inc -I../Drivers/STM32F0xx_HAL_Driver/Inc -I../Drivers/STM32F0xx_HAL_Driver/Inc/Legacy -I../Drivers/CMSIS/Device/ST/STM32F0xx/Include -I../Drivers/CMSIS/Include -O0 -ffunction-sections -fdata-sections -Wall -fstack-usage -MMD -MP -MF"Core/Src/main.d" -MT"Core/Src/main.o" --specs=nano.specs -mfloat-abi=soft -mthumb -o "Core/Src/main.o"
arm-none-eabi-gcc -o "bq34110_RW_flash.elf" @"objects.list"   -mcpu=cortex-m0 -T"C:\Users\acer\OneDrive - Hanoi University of Science and Technology\NAM_4\TT_document\BQ34110\Code\bq34110_RW_flash\STM32F051R8TX_FLASH.ld" --specs=nosys.specs -Wl,-Map="bq34110_RW_flash.map" -Wl,--gc-sections -static --specs=nano.specs -mfloat-abi=soft -mthumb -Wl,--start-group -lc -lm -Wl,--end-group
Finished building target: bq34110_RW_flash.elf
 
arm-none-eabi-size   bq34110_RW_flash.elf 
arm-none-eabi-objdump -h -S  bq34110_RW_flash.elf  > "bq34110_RW_flash.list"
arm-none-eabi-objcopy  -O ihex  bq34110_RW_flash.elf  "bq34110_RW_flash.hex"
arm-none-eabi-objcopy  -O binary  bq34110_RW_flash.elf  "bq34110_RW_flash.bin"
   text	   data	    bss	    dec	    hex	filename
   8820	     20	   1676	  10516	   2914	bq34110_RW_flash.elf
Finished building: default.size.stdout
 
Finished building: bq34110_RW_flash.hex
Finished building: bq34110_RW_flash.bin
 
 
Finished building: bq34110_RW_flash.list
 
18:04:24 **** Incremental Build of configuration Debug for project bq34110_RW_flash ****
make -j8 all 
arm-none-eabi-size   bq34110_RW_flash.elf 
   text	   data	    bss	    dec	    hex	filename
   8820	     20	   1676	  10516	   2914	bq34110_RW_flash.elf
Finished building: default.size.stdout
 
